start Wed Sep 16 08:47:04 JST 2026
preflight complete: 1190 objects, 233 FP8 and 168 NVFP4 source matrices, 81 DFlash2 source tensors, device=cuda
[1/1190] frontend/tokenizer.json
[2/1190] frontend/tokenizer_config.json
[3/1190] frontend/chat_template.jinja
[4/1190] frontend/generation_config.json
[5/1190] frontend/preprocessor_config.json
[6/1190] frontend/video_preprocessor_config.json
[7/1190] text/token_embedding
[8/1190] text/layers/0/input_norm
[9/1190] text/layers/0/gdn/a_log
[10/1190] text/layers/0/gdn/dt_bias
[11/1190] text/layers/0/gdn/convolution
[12/1190] text/layers/0/gdn/a_b_projection
[13/1190] text/layers/0/gdn/query_key_value_z
[14/1190] text/layers/0/gdn/norm
[15/1190] text/layers/0/gdn/output
[16/1190] text/layers/0/post_attention_norm
[17/1190] text/layers/0/mlp/gate_up
[18/1190] text/layers/0/mlp/gate_up_projection/input_scale_divisor
[19/1190] text/layers/0/mlp/down
[20/1190] text/layers/0/mlp/down_projection/input_scale_divisor
[21/1190] text/layers/1/input_norm
[22/1190] text/layers/1/gdn/a_log
[23/1190] text/layers/1/gdn/dt_bias
[24/1190] text/layers/1/gdn/convolution
[25/1190] text/layers/1/gdn/a_b_projection
[26/1190] text/layers/1/gdn/query_key_value_z
[27/1190] text/layers/1/gdn/norm
[28/1190] text/layers/1/gdn/output
[29/1190] text/layers/1/post_attention_norm
[30/1190] text/layers/1/mlp/gate_up
[31/1190] text/layers/1/mlp/gate_up_projection/input_scale_divisor
[32/1190] text/layers/1/mlp/down
[33/1190] text/layers/1/mlp/down_projection/input_scale_divisor
[34/1190] text/layers/2/input_norm
[35/1190] text/layers/2/gdn/a_log
[36/1190] text/layers/2/gdn/dt_bias
[37/1190] text/layers/2/gdn/convolution
[38/1190] text/layers/2/gdn/a_b_projection
[39/1190] text/layers/2/gdn/query_key_value_z
[40/1190] text/layers/2/gdn/norm
[41/1190] text/layers/2/gdn/output
[42/1190] text/layers/2/post_attention_norm
[43/1190] text/layers/2/mlp/gate_up
[44/1190] text/layers/2/mlp/gate_up_projection/input_scale_divisor
[45/1190] text/layers/2/mlp/down
[46/1190] text/layers/2/mlp/down_projection/input_scale_divisor
[47/1190] text/layers/3/input_norm
[48/1190] text/layers/3/attention/query_key_gate_value
[49/1190] text/layers/3/attention/query_norm
[50/1190] text/layers/3/attention/key_norm
[51/1190] text/layers/3/attention/output
[52/1190] text/layers/3/post_attention_norm
[53/1190] text/layers/3/mlp/gate_up
[54/1190] text/layers/3/mlp/gate_up_projection/input_scale_divisor
[55/1190] text/layers/3/mlp/down
[56/1190] text/layers/3/mlp/down_projection/input_scale_divisor
[57/1190] text/layers/4/input_norm
[58/1190] text/layers/4/gdn/a_log
[59/1190] text/layers/4/gdn/dt_bias
[60/1190] text/layers/4/gdn/convolution
[61/1190] text/layers/4/gdn/a_b_projection
[62/1190] text/layers/4/gdn/query_key_value_z
[63/1190] text/layers/4/gdn/norm
[64/1190] text/layers/4/gdn/output
[65/1190] text/layers/4/post_attention_norm
[66/1190] text/layers/4/mlp/gate_up
[67/1190] text/layers/4/mlp/gate_up_projection/input_scale_divisor
[68/1190] text/layers/4/mlp/down
[69/1190] text/layers/4/mlp/down_projection/input_scale_divisor
[70/1190] text/layers/5/input_norm
[71/1190] text/layers/5/gdn/a_log
[72/1190] text/layers/5/gdn/dt_bias
[73/1190] text/layers/5/gdn/convolution
[74/1190] text/layers/5/gdn/a_b_projection
[75/1190] text/layers/5/gdn/query_key_value_z
[76/1190] text/layers/5/gdn/norm
[77/1190] text/layers/5/gdn/output
[78/1190] text/layers/5/post_attention_norm
[79/1190] text/layers/5/mlp/gate_up
[80/1190] text/layers/5/mlp/gate_up_projection/input_scale_divisor
[81/1190] text/layers/5/mlp/down
[82/1190] text/layers/5/mlp/down_projection/input_scale_divisor
[83/1190] text/layers/6/input_norm
[84/1190] text/layers/6/gdn/a_log
[85/1190] text/layers/6/gdn/dt_bias
[86/1190] text/layers/6/gdn/convolution
[87/1190] text/layers/6/gdn/a_b_projection
[88/1190] text/layers/6/gdn/query_key_value_z
[89/1190] text/layers/6/gdn/norm
[90/1190] text/layers/6/gdn/output
[91/1190] text/layers/6/post_attention_norm
[92/1190] text/layers/6/mlp/gate_up
[93/1190] text/layers/6/mlp/gate_up_projection/input_scale_divisor
[94/1190] text/layers/6/mlp/down
[95/1190] text/layers/6/mlp/down_projection/input_scale_divisor
[96/1190] text/layers/7/input_norm
[97/1190] text/layers/7/attention/query_key_gate_value
[98/1190] text/layers/7/attention/query_norm
[99/1190] text/layers/7/attention/key_norm
[100/1190] text/layers/7/attention/output
[101/1190] text/layers/7/post_attention_norm
[102/1190] text/layers/7/mlp/gate_up
[103/1190] text/layers/7/mlp/gate_up_projection/input_scale_divisor
[104/1190] text/layers/7/mlp/down
[105/1190] text/layers/7/mlp/down_projection/input_scale_divisor
[106/1190] text/layers/8/input_norm
[107/1190] text/layers/8/gdn/a_log
[108/1190] text/layers/8/gdn/dt_bias
[109/1190] text/layers/8/gdn/convolution
[110/1190] text/layers/8/gdn/a_b_projection
[111/1190] text/layers/8/gdn/query_key_value_z
[112/1190] text/layers/8/gdn/norm
[113/1190] text/layers/8/gdn/output
[114/1190] text/layers/8/post_attention_norm
[115/1190] text/layers/8/mlp/gate_up
[116/1190] text/layers/8/mlp/gate_up_projection/input_scale_divisor
[117/1190] text/layers/8/mlp/down
[118/1190] text/layers/8/mlp/down_projection/input_scale_divisor
[119/1190] text/layers/9/input_norm
[120/1190] text/layers/9/gdn/a_log
[121/1190] text/layers/9/gdn/dt_bias
[122/1190] text/layers/9/gdn/convolution
[123/1190] text/layers/9/gdn/a_b_projection
[124/1190] text/layers/9/gdn/query_key_value_z
[125/1190] text/layers/9/gdn/norm
[126/1190] text/layers/9/gdn/output
[127/1190] text/layers/9/post_attention_norm
[128/1190] text/layers/9/mlp/gate_up
[129/1190] text/layers/9/mlp/gate_up_projection/input_scale_divisor
[130/1190] text/layers/9/mlp/down
[131/1190] text/layers/9/mlp/down_projection/input_scale_divisor
[132/1190] text/layers/10/input_norm
[133/1190] text/layers/10/gdn/a_log
[134/1190] text/layers/10/gdn/dt_bias
[135/1190] text/layers/10/gdn/convolution
[136/1190] text/layers/10/gdn/a_b_projection
[137/1190] text/layers/10/gdn/query_key_value_z
[138/1190] text/layers/10/gdn/norm
[139/1190] text/layers/10/gdn/output
[140/1190] text/layers/10/post_attention_norm
[141/1190] text/layers/10/mlp/gate_up
[142/1190] text/layers/10/mlp/gate_up_projection/input_scale_divisor
[143/1190] text/layers/10/mlp/down
[144/1190] text/layers/10/mlp/down_projection/input_scale_divisor
[145/1190] text/layers/11/input_norm
[146/1190] text/layers/11/attention/query_key_gate_value
[147/1190] text/layers/11/attention/query_norm
[148/1190] text/layers/11/attention/key_norm
[149/1190] text/layers/11/attention/output
[150/1190] text/layers/11/post_attention_norm
[151/1190] text/layers/11/mlp/gate_up
[152/1190] text/layers/11/mlp/gate_up_projection/input_scale_divisor
[153/1190] text/layers/11/mlp/down
[154/1190] text/layers/11/mlp/down_projection/input_scale_divisor
[155/1190] text/layers/12/input_norm
[156/1190] text/layers/12/gdn/a_log
[157/1190] text/layers/12/gdn/dt_bias
[158/1190] text/layers/12/gdn/convolution
[159/1190] text/layers/12/gdn/a_b_projection
[160/1190] text/layers/12/gdn/query_key_value_z
[161/1190] text/layers/12/gdn/norm
[162/1190] text/layers/12/gdn/output
[163/1190] text/layers/12/post_attention_norm
[164/1190] text/layers/12/mlp/gate_up
[165/1190] text/layers/12/mlp/gate_up_projection/input_scale_divisor
[166/1190] text/layers/12/mlp/down
[167/1190] text/layers/12/mlp/down_projection/input_scale_divisor
[168/1190] text/layers/13/input_norm
[169/1190] text/layers/13/gdn/a_log
[170/1190] text/layers/13/gdn/dt_bias
[171/1190] text/layers/13/gdn/convolution
[172/1190] text/layers/13/gdn/a_b_projection
[173/1190] text/layers/13/gdn/query_key_value_z
[174/1190] text/layers/13/gdn/norm
[175/1190] text/layers/13/gdn/output
[176/1190] text/layers/13/post_attention_norm
[177/1190] text/layers/13/mlp/gate_up
[178/1190] text/layers/13/mlp/gate_up_projection/input_scale_divisor
[179/1190] text/layers/13/mlp/down
[180/1190] text/layers/13/mlp/down_projection/input_scale_divisor
[181/1190] text/layers/14/input_norm
[182/1190] text/layers/14/gdn/a_log
[183/1190] text/layers/14/gdn/dt_bias
[184/1190] text/layers/14/gdn/convolution
[185/1190] text/layers/14/gdn/a_b_projection
[186/1190] text/layers/14/gdn/query_key_value_z
[187/1190] text/layers/14/gdn/norm
[188/1190] text/layers/14/gdn/output
[189/1190] text/layers/14/post_attention_norm
[190/1190] text/layers/14/mlp/gate_up
[191/1190] text/layers/14/mlp/gate_up_projection/input_scale_divisor
[192/1190] text/layers/14/mlp/down
[193/1190] text/layers/14/mlp/down_projection/input_scale_divisor
[194/1190] text/layers/15/input_norm
[195/1190] text/layers/15/attention/query_key_gate_value
[196/1190] text/layers/15/attention/query_norm
[197/1190] text/layers/15/attention/key_norm
[198/1190] text/layers/15/attention/output
[199/1190] text/layers/15/post_attention_norm
[200/1190] text/layers/15/mlp/gate_up
[201/1190] text/layers/15/mlp/gate_up_projection/input_scale_divisor
[202/1190] text/layers/15/mlp/down
[203/1190] text/layers/15/mlp/down_projection/input_scale_divisor
[204/1190] text/layers/16/input_norm
[205/1190] text/layers/16/gdn/a_log
[206/1190] text/layers/16/gdn/dt_bias
[207/1190] text/layers/16/gdn/convolution
[208/1190] text/layers/16/gdn/a_b_projection
[209/1190] text/layers/16/gdn/query_key_value_z
[210/1190] text/layers/16/gdn/norm
[211/1190] text/layers/16/gdn/output
[212/1190] text/layers/16/post_attention_norm
[213/1190] text/layers/16/mlp/gate_up
[214/1190] text/layers/16/mlp/gate_up_projection/input_scale_divisor
[215/1190] text/layers/16/mlp/down
[216/1190] text/layers/16/mlp/down_projection/input_scale_divisor
[217/1190] text/layers/17/input_norm
[218/1190] text/layers/17/gdn/a_log
[219/1190] text/layers/17/gdn/dt_bias
[220/1190] text/layers/17/gdn/convolution
[221/1190] text/layers/17/gdn/a_b_projection
[222/1190] text/layers/17/gdn/query_key_value_z
[223/1190] text/layers/17/gdn/norm
[224/1190] text/layers/17/gdn/output
[225/1190] text/layers/17/post_attention_norm
[226/1190] text/layers/17/mlp/gate_up
[227/1190] text/layers/17/mlp/gate_up_projection/input_scale_divisor
[228/1190] text/layers/17/mlp/down
[229/1190] text/layers/17/mlp/down_projection/input_scale_divisor
[230/1190] text/layers/18/input_norm
[231/1190] text/layers/18/gdn/a_log
[232/1190] text/layers/18/gdn/dt_bias
[233/1190] text/layers/18/gdn/convolution
[234/1190] text/layers/18/gdn/a_b_projection
[235/1190] text/layers/18/gdn/query_key_value_z
[236/1190] text/layers/18/gdn/norm
[237/1190] text/layers/18/gdn/output
[238/1190] text/layers/18/post_attention_norm
[239/1190] text/layers/18/mlp/gate_up
[240/1190] text/layers/18/mlp/gate_up_projection/input_scale_divisor
[241/1190] text/layers/18/mlp/down
[242/1190] text/layers/18/mlp/down_projection/input_scale_divisor
[243/1190] text/layers/19/input_norm
[244/1190] text/layers/19/attention/query_key_gate_value
[245/1190] text/layers/19/attention/query_norm
[246/1190] text/layers/19/attention/key_norm
[247/1190] text/layers/19/attention/output
[248/1190] text/layers/19/post_attention_norm
[249/1190] text/layers/19/mlp/gate_up
[250/1190] text/layers/19/mlp/gate_up_projection/input_scale_divisor
[251/1190] text/layers/19/mlp/down
[252/1190] text/layers/19/mlp/down_projection/input_scale_divisor
[253/1190] text/layers/20/input_norm
[254/1190] text/layers/20/gdn/a_log
[255/1190] text/layers/20/gdn/dt_bias
[256/1190] text/layers/20/gdn/convolution
[257/1190] text/layers/20/gdn/a_b_projection
[258/1190] text/layers/20/gdn/query_key_value_z
[259/1190] text/layers/20/gdn/norm
[260/1190] text/layers/20/gdn/output
[261/1190] text/layers/20/post_attention_norm
[262/1190] text/layers/20/mlp/gate_up
[263/1190] text/layers/20/mlp/gate_up_projection/input_scale_divisor
[264/1190] text/layers/20/mlp/down
[265/1190] text/layers/20/mlp/down_projection/input_scale_divisor
[266/1190] text/layers/21/input_norm
[267/1190] text/layers/21/gdn/a_log
[268/1190] text/layers/21/gdn/dt_bias
[269/1190] text/layers/21/gdn/convolution
[270/1190] text/layers/21/gdn/a_b_projection
[271/1190] text/layers/21/gdn/query_key_value_z
[272/1190] text/layers/21/gdn/norm
[273/1190] text/layers/21/gdn/output
[274/1190] text/layers/21/post_attention_norm
[275/1190] text/layers/21/mlp/gate_up
[276/1190] text/layers/21/mlp/gate_up_projection/input_scale_divisor
[277/1190] text/layers/21/mlp/down
[278/1190] text/layers/21/mlp/down_projection/input_scale_divisor
[279/1190] text/layers/22/input_norm
[280/1190] text/layers/22/gdn/a_log
[281/1190] text/layers/22/gdn/dt_bias
[282/1190] text/layers/22/gdn/convolution
[283/1190] text/layers/22/gdn/a_b_projection
[284/1190] text/layers/22/gdn/query_key_value_z
[285/1190] text/layers/22/gdn/norm
[286/1190] text/layers/22/gdn/output
[287/1190] text/layers/22/post_attention_norm
[288/1190] text/layers/22/mlp/gate_up
[289/1190] text/layers/22/mlp/gate_up_projection/input_scale_divisor
[290/1190] text/layers/22/mlp/down
[291/1190] text/layers/22/mlp/down_projection/input_scale_divisor
[292/1190] text/layers/23/input_norm
[293/1190] text/layers/23/attention/query_key_gate_value
[294/1190] text/layers/23/attention/query_norm
[295/1190] text/layers/23/attention/key_norm
[296/1190] text/layers/23/attention/output
[297/1190] text/layers/23/post_attention_norm
[298/1190] text/layers/23/mlp/gate_up
[299/1190] text/layers/23/mlp/gate_up_projection/input_scale_divisor
[300/1190] text/layers/23/mlp/down
[301/1190] text/layers/23/mlp/down_projection/input_scale_divisor
[302/1190] text/layers/24/input_norm
[303/1190] text/layers/24/gdn/a_log
[304/1190] text/layers/24/gdn/dt_bias
[305/1190] text/layers/24/gdn/convolution
[306/1190] text/layers/24/gdn/a_b_projection
[307/1190] text/layers/24/gdn/query_key_value_z
[308/1190] text/layers/24/gdn/norm
[309/1190] text/layers/24/gdn/output
[310/1190] text/layers/24/post_attention_norm
[311/1190] text/layers/24/mlp/gate_up
[312/1190] text/layers/24/mlp/gate_up_projection/input_scale_divisor
[313/1190] text/layers/24/mlp/down
[314/1190] text/layers/24/mlp/down_projection/input_scale_divisor
[315/1190] text/layers/25/input_norm
[316/1190] text/layers/25/gdn/a_log
[317/1190] text/layers/25/gdn/dt_bias
[318/1190] text/layers/25/gdn/convolution
[319/1190] text/layers/25/gdn/a_b_projection
[320/1190] text/layers/25/gdn/query_key_value_z
[321/1190] text/layers/25/gdn/norm
[322/1190] text/layers/25/gdn/output
[323/1190] text/layers/25/post_attention_norm
[324/1190] text/layers/25/mlp/gate_up
[325/1190] text/layers/25/mlp/gate_up_projection/input_scale_divisor
[326/1190] text/layers/25/mlp/down
[327/1190] text/layers/25/mlp/down_projection/input_scale_divisor
[328/1190] text/layers/26/input_norm
[329/1190] text/layers/26/gdn/a_log
[330/1190] text/layers/26/gdn/dt_bias
[331/1190] text/layers/26/gdn/convolution
[332/1190] text/layers/26/gdn/a_b_projection
[333/1190] text/layers/26/gdn/query_key_value_z
[334/1190] text/layers/26/gdn/norm
[335/1190] text/layers/26/gdn/output
[336/1190] text/layers/26/post_attention_norm
[337/1190] text/layers/26/mlp/gate_up
[338/1190] text/layers/26/mlp/gate_up_projection/input_scale_divisor
[339/1190] text/layers/26/mlp/down
[340/1190] text/layers/26/mlp/down_projection/input_scale_divisor
[341/1190] text/layers/27/input_norm
[342/1190] text/layers/27/attention/query_key_gate_value
[343/1190] text/layers/27/attention/query_norm
[344/1190] text/layers/27/attention/key_norm
[345/1190] text/layers/27/attention/output
[346/1190] text/layers/27/post_attention_norm
[347/1190] text/layers/27/mlp/gate_up
[348/1190] text/layers/27/mlp/gate_up_projection/input_scale_divisor
[349/1190] text/layers/27/mlp/down
[350/1190] text/layers/27/mlp/down_projection/input_scale_divisor
[351/1190] text/layers/28/input_norm
[352/1190] text/layers/28/gdn/a_log
[353/1190] text/layers/28/gdn/dt_bias
[354/1190] text/layers/28/gdn/convolution
[355/1190] text/layers/28/gdn/a_b_projection
[356/1190] text/layers/28/gdn/query_key_value_z
[357/1190] text/layers/28/gdn/norm
[358/1190] text/layers/28/gdn/output
[359/1190] text/layers/28/post_attention_norm
[360/1190] text/layers/28/mlp/gate_up
[361/1190] text/layers/28/mlp/gate_up_projection/input_scale_divisor
[362/1190] text/layers/28/mlp/down
[363/1190] text/layers/28/mlp/down_projection/input_scale_divisor
[364/1190] text/layers/29/input_norm
[365/1190] text/layers/29/gdn/a_log
[366/1190] text/layers/29/gdn/dt_bias
[367/1190] text/layers/29/gdn/convolution
[368/1190] text/layers/29/gdn/a_b_projection
[369/1190] text/layers/29/gdn/query_key_value_z
[370/1190] text/layers/29/gdn/norm
[371/1190] text/layers/29/gdn/output
[372/1190] text/layers/29/post_attention_norm
[373/1190] text/layers/29/mlp/gate_up
[374/1190] text/layers/29/mlp/gate_up_projection/input_scale_divisor
[375/1190] text/layers/29/mlp/down
[376/1190] text/layers/29/mlp/down_projection/input_scale_divisor
[377/1190] text/layers/30/input_norm
[378/1190] text/layers/30/gdn/a_log
[379/1190] text/layers/30/gdn/dt_bias
[380/1190] text/layers/30/gdn/convolution
[381/1190] text/layers/30/gdn/a_b_projection
[382/1190] text/layers/30/gdn/query_key_value_z
[383/1190] text/layers/30/gdn/norm
[384/1190] text/layers/30/gdn/output
[385/1190] text/layers/30/post_attention_norm
[386/1190] text/layers/30/mlp/gate_up
[387/1190] text/layers/30/mlp/gate_up_projection/input_scale_divisor
[388/1190] text/layers/30/mlp/down
[389/1190] text/layers/30/mlp/down_projection/input_scale_divisor
[390/1190] text/layers/31/input_norm
[391/1190] text/layers/31/attention/query_key_gate_value
[392/1190] text/layers/31/attention/query_norm
[393/1190] text/layers/31/attention/key_norm
[394/1190] text/layers/31/attention/output
[395/1190] text/layers/31/post_attention_norm
[396/1190] text/layers/31/mlp/gate_up
[397/1190] text/layers/31/mlp/gate_up_projection/input_scale_divisor
[398/1190] text/layers/31/mlp/down
[399/1190] text/layers/31/mlp/down_projection/input_scale_divisor
[400/1190] text/layers/32/input_norm
[401/1190] text/layers/32/gdn/a_log
[402/1190] text/layers/32/gdn/dt_bias
[403/1190] text/layers/32/gdn/convolution
[404/1190] text/layers/32/gdn/a_b_projection
[405/1190] text/layers/32/gdn/query_key_value_z
[406/1190] text/layers/32/gdn/norm
[407/1190] text/layers/32/gdn/output
[408/1190] text/layers/32/post_attention_norm
[409/1190] text/layers/32/mlp/gate_up
[410/1190] text/layers/32/mlp/gate_up_projection/input_scale_divisor
[411/1190] text/layers/32/mlp/down
[412/1190] text/layers/32/mlp/down_projection/input_scale_divisor
[413/1190] text/layers/33/input_norm
[414/1190] text/layers/33/gdn/a_log
[415/1190] text/layers/33/gdn/dt_bias
[416/1190] text/layers/33/gdn/convolution
[417/1190] text/layers/33/gdn/a_b_projection
[418/1190] text/layers/33/gdn/query_key_value_z
[419/1190] text/layers/33/gdn/norm
[420/1190] text/layers/33/gdn/output
[421/1190] text/layers/33/post_attention_norm
[422/1190] text/layers/33/mlp/gate_up
[423/1190] text/layers/33/mlp/gate_up_projection/input_scale_divisor
[424/1190] text/layers/33/mlp/down
[425/1190] text/layers/33/mlp/down_projection/input_scale_divisor
[426/1190] text/layers/34/input_norm
[427/1190] text/layers/34/gdn/a_log
[428/1190] text/layers/34/gdn/dt_bias
[429/1190] text/layers/34/gdn/convolution
[430/1190] text/layers/34/gdn/a_b_projection
[431/1190] text/layers/34/gdn/query_key_value_z
[432/1190] text/layers/34/gdn/norm
[433/1190] text/layers/34/gdn/output
[434/1190] text/layers/34/post_attention_norm
[435/1190] text/layers/34/mlp/gate_up
[436/1190] text/layers/34/mlp/gate_up_projection/input_scale_divisor
[437/1190] text/layers/34/mlp/down
[438/1190] text/layers/34/mlp/down_projection/input_scale_divisor
[439/1190] text/layers/35/input_norm
[440/1190] text/layers/35/attention/query_key_gate_value
[441/1190] text/layers/35/attention/query_norm
[442/1190] text/layers/35/attention/key_norm
[443/1190] text/layers/35/attention/output
[444/1190] text/layers/35/post_attention_norm
[445/1190] text/layers/35/mlp/gate_up
[446/1190] text/layers/35/mlp/gate_up_projection/input_scale_divisor
[447/1190] text/layers/35/mlp/down
[448/1190] text/layers/35/mlp/down_projection/input_scale_divisor
[449/1190] text/layers/36/input_norm
[450/1190] text/layers/36/gdn/a_log
[451/1190] text/layers/36/gdn/dt_bias
[452/1190] text/layers/36/gdn/convolution
[453/1190] text/layers/36/gdn/a_b_projection
[454/1190] text/layers/36/gdn/query_key_value_z
[455/1190] text/layers/36/gdn/norm
[456/1190] text/layers/36/gdn/output
[457/1190] text/layers/36/post_attention_norm
[458/1190] text/layers/36/mlp/gate_up
[459/1190] text/layers/36/mlp/gate_up_projection/input_scale_divisor
[460/1190] text/layers/36/mlp/down
[461/1190] text/layers/36/mlp/down_projection/input_scale_divisor
[462/1190] text/layers/37/input_norm
[463/1190] text/layers/37/gdn/a_log
[464/1190] text/layers/37/gdn/dt_bias
[465/1190] text/layers/37/gdn/convolution
[466/1190] text/layers/37/gdn/a_b_projection
[467/1190] text/layers/37/gdn/query_key_value_z
[468/1190] text/layers/37/gdn/norm
[469/1190] text/layers/37/gdn/output
[470/1190] text/layers/37/post_attention_norm
[471/1190] text/layers/37/mlp/gate_up
[472/1190] text/layers/37/mlp/gate_up_projection/input_scale_divisor
[473/1190] text/layers/37/mlp/down
[474/1190] text/layers/37/mlp/down_projection/input_scale_divisor
[475/1190] text/layers/38/input_norm
[476/1190] text/layers/38/gdn/a_log
[477/1190] text/layers/38/gdn/dt_bias
[478/1190] text/layers/38/gdn/convolution
[479/1190] text/layers/38/gdn/a_b_projection
[480/1190] text/layers/38/gdn/query_key_value_z
[481/1190] text/layers/38/gdn/norm
[482/1190] text/layers/38/gdn/output
[483/1190] text/layers/38/post_attention_norm
[484/1190] text/layers/38/mlp/gate_up
[485/1190] text/layers/38/mlp/gate_up_projection/input_scale_divisor
[486/1190] text/layers/38/mlp/down
[487/1190] text/layers/38/mlp/down_projection/input_scale_divisor
[488/1190] text/layers/39/input_norm
[489/1190] text/layers/39/attention/query_key_gate_value
[490/1190] text/layers/39/attention/query_norm
[491/1190] text/layers/39/attention/key_norm
[492/1190] text/layers/39/attention/output
[493/1190] text/layers/39/post_attention_norm
[494/1190] text/layers/39/mlp/gate_up
[495/1190] text/layers/39/mlp/gate_up_projection/input_scale_divisor
[496/1190] text/layers/39/mlp/down
[497/1190] text/layers/39/mlp/down_projection/input_scale_divisor
[498/1190] text/layers/40/input_norm
[499/1190] text/layers/40/gdn/a_log
[500/1190] text/layers/40/gdn/dt_bias
[501/1190] text/layers/40/gdn/convolution
[502/1190] text/layers/40/gdn/a_b_projection
[503/1190] text/layers/40/gdn/query_key_value_z
[504/1190] text/layers/40/gdn/norm
[505/1190] text/layers/40/gdn/output
[506/1190] text/layers/40/post_attention_norm
[507/1190] text/layers/40/mlp/gate_up
[508/1190] text/layers/40/mlp/gate_up_projection/input_scale_divisor
[509/1190] text/layers/40/mlp/down
[510/1190] text/layers/40/mlp/down_projection/input_scale_divisor
[511/1190] text/layers/41/input_norm
[512/1190] text/layers/41/gdn/a_log
[513/1190] text/layers/41/gdn/dt_bias
[514/1190] text/layers/41/gdn/convolution
[515/1190] text/layers/41/gdn/a_b_projection
[516/1190] text/layers/41/gdn/query_key_value_z
[517/1190] text/layers/41/gdn/norm
[518/1190] text/layers/41/gdn/output
[519/1190] text/layers/41/post_attention_norm
[520/1190] text/layers/41/mlp/gate_up
[521/1190] text/layers/41/mlp/gate_up_projection/input_scale_divisor
[522/1190] text/layers/41/mlp/down
[523/1190] text/layers/41/mlp/down_projection/input_scale_divisor
[524/1190] text/layers/42/input_norm
[525/1190] text/layers/42/gdn/a_log
[526/1190] text/layers/42/gdn/dt_bias
[527/1190] text/layers/42/gdn/convolution
[528/1190] text/layers/42/gdn/a_b_projection
[529/1190] text/layers/42/gdn/query_key_value_z
[530/1190] text/layers/42/gdn/norm
[531/1190] text/layers/42/gdn/output
[532/1190] text/layers/42/post_attention_norm
[533/1190] text/layers/42/mlp/gate_up
[534/1190] text/layers/42/mlp/gate_up_projection/input_scale_divisor
[535/1190] text/layers/42/mlp/down
[536/1190] text/layers/42/mlp/down_projection/input_scale_divisor
[537/1190] text/layers/43/input_norm
[538/1190] text/layers/43/attention/query_key_gate_value
[539/1190] text/layers/43/attention/query_norm
[540/1190] text/layers/43/attention/key_norm
[541/1190] text/layers/43/attention/output
[542/1190] text/layers/43/post_attention_norm
[543/1190] text/layers/43/mlp/gate_up
[544/1190] text/layers/43/mlp/gate_up_projection/input_scale_divisor
[545/1190] text/layers/43/mlp/down
[546/1190] text/layers/43/mlp/down_projection/input_scale_divisor
[547/1190] text/layers/44/input_norm
[548/1190] text/layers/44/gdn/a_log
[549/1190] text/layers/44/gdn/dt_bias
[550/1190] text/layers/44/gdn/convolution
[551/1190] text/layers/44/gdn/a_b_projection
[552/1190] text/layers/44/gdn/query_key_value_z
[553/1190] text/layers/44/gdn/norm
[554/1190] text/layers/44/gdn/output
[555/1190] text/layers/44/post_attention_norm
[556/1190] text/layers/44/mlp/gate_up
[557/1190] text/layers/44/mlp/gate_up_projection/input_scale_divisor
[558/1190] text/layers/44/mlp/down
[559/1190] text/layers/44/mlp/down_projection/input_scale_divisor
[560/1190] text/layers/45/input_norm
[561/1190] text/layers/45/gdn/a_log
[562/1190] text/layers/45/gdn/dt_bias
[563/1190] text/layers/45/gdn/convolution
[564/1190] text/layers/45/gdn/a_b_projection
[565/1190] text/layers/45/gdn/query_key_value_z
[566/1190] text/layers/45/gdn/norm
[567/1190] text/layers/45/gdn/output
[568/1190] text/layers/45/post_attention_norm
[569/1190] text/layers/45/mlp/gate_up
[570/1190] text/layers/45/mlp/gate_up_projection/input_scale_divisor
[571/1190] text/layers/45/mlp/down
[572/1190] text/layers/45/mlp/down_projection/input_scale_divisor
[573/1190] text/layers/46/input_norm
[574/1190] text/layers/46/gdn/a_log
[575/1190] text/layers/46/gdn/dt_bias
[576/1190] text/layers/46/gdn/convolution
[577/1190] text/layers/46/gdn/a_b_projection
[578/1190] text/layers/46/gdn/query_key_value_z
[579/1190] text/layers/46/gdn/norm
[580/1190] text/layers/46/gdn/output
[581/1190] text/layers/46/post_attention_norm
[582/1190] text/layers/46/mlp/gate_up
[583/1190] text/layers/46/mlp/gate_up_projection/input_scale_divisor
[584/1190] text/layers/46/mlp/down
[585/1190] text/layers/46/mlp/down_projection/input_scale_divisor
[586/1190] text/layers/47/input_norm
[587/1190] text/layers/47/attention/query_key_gate_value
[588/1190] text/layers/47/attention/query_norm
[589/1190] text/layers/47/attention/key_norm
[590/1190] text/layers/47/attention/output
[591/1190] text/layers/47/post_attention_norm
[592/1190] text/layers/47/mlp/gate_up
[593/1190] text/layers/47/mlp/gate_up_projection/input_scale_divisor
[594/1190] text/layers/47/mlp/down
[595/1190] text/layers/47/mlp/down_projection/input_scale_divisor
[596/1190] text/layers/48/input_norm
[597/1190] text/layers/48/gdn/a_log
[598/1190] text/layers/48/gdn/dt_bias
[599/1190] text/layers/48/gdn/convolution
[600/1190] text/layers/48/gdn/a_b_projection
[601/1190] text/layers/48/gdn/query_key_value_z
[602/1190] text/layers/48/gdn/norm
[603/1190] text/layers/48/gdn/output
[604/1190] text/layers/48/post_attention_norm
[605/1190] text/layers/48/mlp/gate_up
[606/1190] text/layers/48/mlp/gate_up_projection/input_scale_divisor
[607/1190] text/layers/48/mlp/down
[608/1190] text/layers/48/mlp/down_projection/input_scale_divisor
[609/1190] text/layers/49/input_norm
[610/1190] text/layers/49/gdn/a_log
[611/1190] text/layers/49/gdn/dt_bias
[612/1190] text/layers/49/gdn/convolution
[613/1190] text/layers/49/gdn/a_b_projection
[614/1190] text/layers/49/gdn/query_key_value_z
[615/1190] text/layers/49/gdn/norm
[616/1190] text/layers/49/gdn/output
[617/1190] text/layers/49/post_attention_norm
[618/1190] text/layers/49/mlp/gate_up
[619/1190] text/layers/49/mlp/gate_up_projection/input_scale_divisor
[620/1190] text/layers/49/mlp/down
[621/1190] text/layers/49/mlp/down_projection/input_scale_divisor
[622/1190] text/layers/50/input_norm
[623/1190] text/layers/50/gdn/a_log
[624/1190] text/layers/50/gdn/dt_bias
[625/1190] text/layers/50/gdn/convolution
[626/1190] text/layers/50/gdn/a_b_projection
[627/1190] text/layers/50/gdn/query_key_value_z
[628/1190] text/layers/50/gdn/norm
[629/1190] text/layers/50/gdn/output
[630/1190] text/layers/50/post_attention_norm
[631/1190] text/layers/50/mlp/gate_up
[632/1190] text/layers/50/mlp/gate_up_projection/input_scale_divisor
[633/1190] text/layers/50/mlp/down
[634/1190] text/layers/50/mlp/down_projection/input_scale_divisor
[635/1190] text/layers/51/input_norm
[636/1190] text/layers/51/attention/query_key_gate_value
[637/1190] text/layers/51/attention/query_norm
[638/1190] text/layers/51/attention/key_norm
[639/1190] text/layers/51/attention/output
[640/1190] text/layers/51/post_attention_norm
[641/1190] text/layers/51/mlp/gate_up
[642/1190] text/layers/51/mlp/gate_up_projection/input_scale_divisor
[643/1190] text/layers/51/mlp/down
[644/1190] text/layers/51/mlp/down_projection/input_scale_divisor
[645/1190] text/layers/52/input_norm
[646/1190] text/layers/52/gdn/a_log
[647/1190] text/layers/52/gdn/dt_bias
[648/1190] text/layers/52/gdn/convolution
[649/1190] text/layers/52/gdn/a_b_projection
[650/1190] text/layers/52/gdn/query_key_value_z
[651/1190] text/layers/52/gdn/norm
[652/1190] text/layers/52/gdn/output
[653/1190] text/layers/52/post_attention_norm
[654/1190] text/layers/52/mlp/gate_up
[655/1190] text/layers/52/mlp/gate_up_projection/input_scale_divisor
[656/1190] text/layers/52/mlp/down
[657/1190] text/layers/52/mlp/down_projection/input_scale_divisor
[658/1190] text/layers/53/input_norm
[659/1190] text/layers/53/gdn/a_log
[660/1190] text/layers/53/gdn/dt_bias
[661/1190] text/layers/53/gdn/convolution
[662/1190] text/layers/53/gdn/a_b_projection
[663/1190] text/layers/53/gdn/query_key_value_z
[664/1190] text/layers/53/gdn/norm
[665/1190] text/layers/53/gdn/output
[666/1190] text/layers/53/post_attention_norm
[667/1190] text/layers/53/mlp/gate_up
[668/1190] text/layers/53/mlp/gate_up_projection/input_scale_divisor
[669/1190] text/layers/53/mlp/down
[670/1190] text/layers/53/mlp/down_projection/input_scale_divisor
[671/1190] text/layers/54/input_norm
[672/1190] text/layers/54/gdn/a_log
[673/1190] text/layers/54/gdn/dt_bias
[674/1190] text/layers/54/gdn/convolution
[675/1190] text/layers/54/gdn/a_b_projection
[676/1190] text/layers/54/gdn/query_key_value_z
[677/1190] text/layers/54/gdn/norm
[678/1190] text/layers/54/gdn/output
[679/1190] text/layers/54/post_attention_norm
[680/1190] text/layers/54/mlp/gate_up
[681/1190] text/layers/54/mlp/gate_up_projection/input_scale_divisor
[682/1190] text/layers/54/mlp/down
[683/1190] text/layers/54/mlp/down_projection/input_scale_divisor
[684/1190] text/layers/55/input_norm
[685/1190] text/layers/55/attention/query_key_gate_value
[686/1190] text/layers/55/attention/query_norm
[687/1190] text/layers/55/attention/key_norm
[688/1190] text/layers/55/attention/output
[689/1190] text/layers/55/post_attention_norm
[690/1190] text/layers/55/mlp/gate_up
[691/1190] text/layers/55/mlp/gate_up_projection/input_scale_divisor
[692/1190] text/layers/55/mlp/down
[693/1190] text/layers/55/mlp/down_projection/input_scale_divisor
[694/1190] text/layers/56/input_norm
[695/1190] text/layers/56/gdn/a_log
[696/1190] text/layers/56/gdn/dt_bias
[697/1190] text/layers/56/gdn/convolution
[698/1190] text/layers/56/gdn/a_b_projection
[699/1190] text/layers/56/gdn/query_key_value_z
[700/1190] text/layers/56/gdn/norm
[701/1190] text/layers/56/gdn/output
[702/1190] text/layers/56/post_attention_norm
[703/1190] text/layers/56/mlp/gate_up
[704/1190] text/layers/56/mlp/down
[705/1190] text/layers/57/input_norm
[706/1190] text/layers/57/gdn/a_log
[707/1190] text/layers/57/gdn/dt_bias
[708/1190] text/layers/57/gdn/convolution
[709/1190] text/layers/57/gdn/a_b_projection
[710/1190] text/layers/57/gdn/query_key_value_z
[711/1190] text/layers/57/gdn/norm
[712/1190] text/layers/57/gdn/output
[713/1190] text/layers/57/post_attention_norm
[714/1190] text/layers/57/mlp/gate_up
[715/1190] text/layers/57/mlp/down
[716/1190] text/layers/58/input_norm
[717/1190] text/layers/58/gdn/a_log
[718/1190] text/layers/58/gdn/dt_bias
[719/1190] text/layers/58/gdn/convolution
[720/1190] text/layers/58/gdn/a_b_projection
[721/1190] text/layers/58/gdn/query_key_value_z
[722/1190] text/layers/58/gdn/norm
[723/1190] text/layers/58/gdn/output
[724/1190] text/layers/58/post_attention_norm
[725/1190] text/layers/58/mlp/gate_up
[726/1190] text/layers/58/mlp/down
[727/1190] text/layers/59/input_norm
[728/1190] text/layers/59/attention/query_key_gate_value
[729/1190] text/layers/59/attention/query_norm
[730/1190] text/layers/59/attention/key_norm
[731/1190] text/layers/59/attention/output
[732/1190] text/layers/59/post_attention_norm
[733/1190] text/layers/59/mlp/gate_up
[734/1190] text/layers/59/mlp/down
[735/1190] text/layers/60/input_norm
[736/1190] text/layers/60/gdn/a_log
[737/1190] text/layers/60/gdn/dt_bias
[738/1190] text/layers/60/gdn/convolution
[739/1190] text/layers/60/gdn/a_b_projection
[740/1190] text/layers/60/gdn/query_key_value_z
[741/1190] text/layers/60/gdn/norm
[742/1190] text/layers/60/gdn/output
[743/1190] text/layers/60/post_attention_norm
[744/1190] text/layers/60/mlp/gate_up
[745/1190] text/layers/60/mlp/down
[746/1190] text/layers/61/input_norm
[747/1190] text/layers/61/gdn/a_log
[748/1190] text/layers/61/gdn/dt_bias
[749/1190] text/layers/61/gdn/convolution
[750/1190] text/layers/61/gdn/a_b_projection
[751/1190] text/layers/61/gdn/query_key_value_z
[752/1190] text/layers/61/gdn/norm
[753/1190] text/layers/61/gdn/output
[754/1190] text/layers/61/post_attention_norm
[755/1190] text/layers/61/mlp/gate_up
[756/1190] text/layers/61/mlp/down
[757/1190] text/layers/62/input_norm
[758/1190] text/layers/62/gdn/a_log
[759/1190] text/layers/62/gdn/dt_bias
[760/1190] text/layers/62/gdn/convolution
[761/1190] text/layers/62/gdn/a_b_projection
[762/1190] text/layers/62/gdn/query_key_value_z
[763/1190] text/layers/62/gdn/norm
[764/1190] text/layers/62/gdn/output
[765/1190] text/layers/62/post_attention_norm
[766/1190] text/layers/62/mlp/gate_up
[767/1190] text/layers/62/mlp/down
[768/1190] text/layers/63/input_norm
[769/1190] text/layers/63/attention/query_key_gate_value
[770/1190] text/layers/63/attention/query_norm
[771/1190] text/layers/63/attention/key_norm
[772/1190] text/layers/63/attention/output
[773/1190] text/layers/63/post_attention_norm
[774/1190] text/layers/63/mlp/gate_up
[775/1190] text/layers/63/mlp/down
[776/1190] text/final_norm
[777/1190] text/output_head
[778/1190] text/draft_head
[779/1190] text/draft_head_token_ids
[780/1190] mtp/input_projection
[781/1190] mtp/embedding_norm
[782/1190] mtp/hidden_norm
[783/1190] mtp/layer/input_norm
[784/1190] mtp/layer/attention/query_key_gate_value
[785/1190] mtp/layer/attention/query_norm
[786/1190] mtp/layer/attention/key_norm
[787/1190] mtp/layer/attention/output
[788/1190] mtp/layer/post_attention_norm
[789/1190] mtp/layer/mlp/gate_up
[790/1190] mtp/layer/mlp/down
[791/1190] mtp/final_norm
[792/1190] vision/patch_embedding
[793/1190] vision/patch_embedding_bias
[794/1190] vision/position_embedding
[795/1190] vision/layers/0/attention/qkv
[796/1190] vision/layers/0/attention/qkv_bias
[797/1190] vision/layers/0/attention/output
[798/1190] vision/layers/0/attention/output_bias
[799/1190] vision/layers/0/mlp/fc1
[800/1190] vision/layers/0/mlp/fc1_bias
[801/1190] vision/layers/0/mlp/fc2
[802/1190] vision/layers/0/mlp/fc2_bias
[803/1190] vision/layers/0/norm1/weight
[804/1190] vision/layers/0/norm1/bias
[805/1190] vision/layers/0/norm2/weight
[806/1190] vision/layers/0/norm2/bias
[807/1190] vision/layers/1/attention/qkv
[808/1190] vision/layers/1/attention/qkv_bias
[809/1190] vision/layers/1/attention/output
[810/1190] vision/layers/1/attention/output_bias
[811/1190] vision/layers/1/mlp/fc1
[812/1190] vision/layers/1/mlp/fc1_bias
[813/1190] vision/layers/1/mlp/fc2
[814/1190] vision/layers/1/mlp/fc2_bias
[815/1190] vision/layers/1/norm1/weight
[816/1190] vision/layers/1/norm1/bias
[817/1190] vision/layers/1/norm2/weight
[818/1190] vision/layers/1/norm2/bias
[819/1190] vision/layers/2/attention/qkv
[820/1190] vision/layers/2/attention/qkv_bias
[821/1190] vision/layers/2/attention/output
[822/1190] vision/layers/2/attention/output_bias
[823/1190] vision/layers/2/mlp/fc1
[824/1190] vision/layers/2/mlp/fc1_bias
[825/1190] vision/layers/2/mlp/fc2
[826/1190] vision/layers/2/mlp/fc2_bias
[827/1190] vision/layers/2/norm1/weight
[828/1190] vision/layers/2/norm1/bias
[829/1190] vision/layers/2/norm2/weight
[830/1190] vision/layers/2/norm2/bias
[831/1190] vision/layers/3/attention/qkv
[832/1190] vision/layers/3/attention/qkv_bias
[833/1190] vision/layers/3/attention/output
[834/1190] vision/layers/3/attention/output_bias
[835/1190] vision/layers/3/mlp/fc1
[836/1190] vision/layers/3/mlp/fc1_bias
[837/1190] vision/layers/3/mlp/fc2
[838/1190] vision/layers/3/mlp/fc2_bias
[839/1190] vision/layers/3/norm1/weight
[840/1190] vision/layers/3/norm1/bias
[841/1190] vision/layers/3/norm2/weight
[842/1190] vision/layers/3/norm2/bias
[843/1190] vision/layers/4/attention/qkv
[844/1190] vision/layers/4/attention/qkv_bias
[845/1190] vision/layers/4/attention/output
[846/1190] vision/layers/4/attention/output_bias
[847/1190] vision/layers/4/mlp/fc1
[848/1190] vision/layers/4/mlp/fc1_bias
[849/1190] vision/layers/4/mlp/fc2
[850/1190] vision/layers/4/mlp/fc2_bias
[851/1190] vision/layers/4/norm1/weight
[852/1190] vision/layers/4/norm1/bias
[853/1190] vision/layers/4/norm2/weight
[854/1190] vision/layers/4/norm2/bias
[855/1190] vision/layers/5/attention/qkv
[856/1190] vision/layers/5/attention/qkv_bias
[857/1190] vision/layers/5/attention/output
[858/1190] vision/layers/5/attention/output_bias
[859/1190] vision/layers/5/mlp/fc1
[860/1190] vision/layers/5/mlp/fc1_bias
[861/1190] vision/layers/5/mlp/fc2
[862/1190] vision/layers/5/mlp/fc2_bias
[863/1190] vision/layers/5/norm1/weight
[864/1190] vision/layers/5/norm1/bias
[865/1190] vision/layers/5/norm2/weight
[866/1190] vision/layers/5/norm2/bias
[867/1190] vision/layers/6/attention/qkv
[868/1190] vision/layers/6/attention/qkv_bias
[869/1190] vision/layers/6/attention/output
[870/1190] vision/layers/6/attention/output_bias
[871/1190] vision/layers/6/mlp/fc1
[872/1190] vision/layers/6/mlp/fc1_bias
[873/1190] vision/layers/6/mlp/fc2
[874/1190] vision/layers/6/mlp/fc2_bias
[875/1190] vision/layers/6/norm1/weight
[876/1190] vision/layers/6/norm1/bias
[877/1190] vision/layers/6/norm2/weight
[878/1190] vision/layers/6/norm2/bias
[879/1190] vision/layers/7/attention/qkv
[880/1190] vision/layers/7/attention/qkv_bias
[881/1190] vision/layers/7/attention/output
[882/1190] vision/layers/7/attention/output_bias
[883/1190] vision/layers/7/mlp/fc1
[884/1190] vision/layers/7/mlp/fc1_bias
[885/1190] vision/layers/7/mlp/fc2
[886/1190] vision/layers/7/mlp/fc2_bias
[887/1190] vision/layers/7/norm1/weight
[888/1190] vision/layers/7/norm1/bias
[889/1190] vision/layers/7/norm2/weight
[890/1190] vision/layers/7/norm2/bias
[891/1190] vision/layers/8/attention/qkv
[892/1190] vision/layers/8/attention/qkv_bias
[893/1190] vision/layers/8/attention/output
[894/1190] vision/layers/8/attention/output_bias
[895/1190] vision/layers/8/mlp/fc1
[896/1190] vision/layers/8/mlp/fc1_bias
[897/1190] vision/layers/8/mlp/fc2
[898/1190] vision/layers/8/mlp/fc2_bias
[899/1190] vision/layers/8/norm1/weight
[900/1190] vision/layers/8/norm1/bias
[901/1190] vision/layers/8/norm2/weight
[902/1190] vision/layers/8/norm2/bias
[903/1190] vision/layers/9/attention/qkv
[904/1190] vision/layers/9/attention/qkv_bias
[905/1190] vision/layers/9/attention/output
[906/1190] vision/layers/9/attention/output_bias
[907/1190] vision/layers/9/mlp/fc1
[908/1190] vision/layers/9/mlp/fc1_bias
[909/1190] vision/layers/9/mlp/fc2
[910/1190] vision/layers/9/mlp/fc2_bias
[911/1190] vision/layers/9/norm1/weight
[912/1190] vision/layers/9/norm1/bias
[913/1190] vision/layers/9/norm2/weight
[914/1190] vision/layers/9/norm2/bias
[915/1190] vision/layers/10/attention/qkv
[916/1190] vision/layers/10/attention/qkv_bias
[917/1190] vision/layers/10/attention/output
[918/1190] vision/layers/10/attention/output_bias
[919/1190] vision/layers/10/mlp/fc1
[920/1190] vision/layers/10/mlp/fc1_bias
[921/1190] vision/layers/10/mlp/fc2
[922/1190] vision/layers/10/mlp/fc2_bias
[923/1190] vision/layers/10/norm1/weight
[924/1190] vision/layers/10/norm1/bias
[925/1190] vision/layers/10/norm2/weight
[926/1190] vision/layers/10/norm2/bias
[927/1190] vision/layers/11/attention/qkv
[928/1190] vision/layers/11/attention/qkv_bias
[929/1190] vision/layers/11/attention/output
[930/1190] vision/layers/11/attention/output_bias
[931/1190] vision/layers/11/mlp/fc1
[932/1190] vision/layers/11/mlp/fc1_bias
[933/1190] vision/layers/11/mlp/fc2
[934/1190] vision/layers/11/mlp/fc2_bias
[935/1190] vision/layers/11/norm1/weight
[936/1190] vision/layers/11/norm1/bias
[937/1190] vision/layers/11/norm2/weight
[938/1190] vision/layers/11/norm2/bias
[939/1190] vision/layers/12/attention/qkv
[940/1190] vision/layers/12/attention/qkv_bias
[941/1190] vision/layers/12/attention/output
[942/1190] vision/layers/12/attention/output_bias
[943/1190] vision/layers/12/mlp/fc1
[944/1190] vision/layers/12/mlp/fc1_bias
[945/1190] vision/layers/12/mlp/fc2
[946/1190] vision/layers/12/mlp/fc2_bias
[947/1190] vision/layers/12/norm1/weight
[948/1190] vision/layers/12/norm1/bias
[949/1190] vision/layers/12/norm2/weight
[950/1190] vision/layers/12/norm2/bias
[951/1190] vision/layers/13/attention/qkv
[952/1190] vision/layers/13/attention/qkv_bias
[953/1190] vision/layers/13/attention/output
[954/1190] vision/layers/13/attention/output_bias
[955/1190] vision/layers/13/mlp/fc1
[956/1190] vision/layers/13/mlp/fc1_bias
[957/1190] vision/layers/13/mlp/fc2
[958/1190] vision/layers/13/mlp/fc2_bias
[959/1190] vision/layers/13/norm1/weight
[960/1190] vision/layers/13/norm1/bias
[961/1190] vision/layers/13/norm2/weight
[962/1190] vision/layers/13/norm2/bias
[963/1190] vision/layers/14/attention/qkv
[964/1190] vision/layers/14/attention/qkv_bias
[965/1190] vision/layers/14/attention/output
[966/1190] vision/layers/14/attention/output_bias
[967/1190] vision/layers/14/mlp/fc1
[968/1190] vision/layers/14/mlp/fc1_bias
[969/1190] vision/layers/14/mlp/fc2
[970/1190] vision/layers/14/mlp/fc2_bias
[971/1190] vision/layers/14/norm1/weight
[972/1190] vision/layers/14/norm1/bias
[973/1190] vision/layers/14/norm2/weight
[974/1190] vision/layers/14/norm2/bias
[975/1190] vision/layers/15/attention/qkv
[976/1190] vision/layers/15/attention/qkv_bias
[977/1190] vision/layers/15/attention/output
[978/1190] vision/layers/15/attention/output_bias
[979/1190] vision/layers/15/mlp/fc1
[980/1190] vision/layers/15/mlp/fc1_bias
[981/1190] vision/layers/15/mlp/fc2
[982/1190] vision/layers/15/mlp/fc2_bias
[983/1190] vision/layers/15/norm1/weight
[984/1190] vision/layers/15/norm1/bias
[985/1190] vision/layers/15/norm2/weight
[986/1190] vision/layers/15/norm2/bias
[987/1190] vision/layers/16/attention/qkv
[988/1190] vision/layers/16/attention/qkv_bias
[989/1190] vision/layers/16/attention/output
[990/1190] vision/layers/16/attention/output_bias
[991/1190] vision/layers/16/mlp/fc1
[992/1190] vision/layers/16/mlp/fc1_bias
[993/1190] vision/layers/16/mlp/fc2
[994/1190] vision/layers/16/mlp/fc2_bias
[995/1190] vision/layers/16/norm1/weight
[996/1190] vision/layers/16/norm1/bias
[997/1190] vision/layers/16/norm2/weight
[998/1190] vision/layers/16/norm2/bias
[999/1190] vision/layers/17/attention/qkv
[1000/1190] vision/layers/17/attention/qkv_bias
[1001/1190] vision/layers/17/attention/output
[1002/1190] vision/layers/17/attention/output_bias
[1003/1190] vision/layers/17/mlp/fc1
[1004/1190] vision/layers/17/mlp/fc1_bias
[1005/1190] vision/layers/17/mlp/fc2
[1006/1190] vision/layers/17/mlp/fc2_bias
[1007/1190] vision/layers/17/norm1/weight
[1008/1190] vision/layers/17/norm1/bias
[1009/1190] vision/layers/17/norm2/weight
[1010/1190] vision/layers/17/norm2/bias
[1011/1190] vision/layers/18/attention/qkv
[1012/1190] vision/layers/18/attention/qkv_bias
[1013/1190] vision/layers/18/attention/output
[1014/1190] vision/layers/18/attention/output_bias
[1015/1190] vision/layers/18/mlp/fc1
[1016/1190] vision/layers/18/mlp/fc1_bias
[1017/1190] vision/layers/18/mlp/fc2
[1018/1190] vision/layers/18/mlp/fc2_bias
[1019/1190] vision/layers/18/norm1/weight
[1020/1190] vision/layers/18/norm1/bias
[1021/1190] vision/layers/18/norm2/weight
[1022/1190] vision/layers/18/norm2/bias
[1023/1190] vision/layers/19/attention/qkv
[1024/1190] vision/layers/19/attention/qkv_bias
[1025/1190] vision/layers/19/attention/output
[1026/1190] vision/layers/19/attention/output_bias
[1027/1190] vision/layers/19/mlp/fc1
[1028/1190] vision/layers/19/mlp/fc1_bias
[1029/1190] vision/layers/19/mlp/fc2
[1030/1190] vision/layers/19/mlp/fc2_bias
[1031/1190] vision/layers/19/norm1/weight
[1032/1190] vision/layers/19/norm1/bias
[1033/1190] vision/layers/19/norm2/weight
[1034/1190] vision/layers/19/norm2/bias
[1035/1190] vision/layers/20/attention/qkv
[1036/1190] vision/layers/20/attention/qkv_bias
[1037/1190] vision/layers/20/attention/output
[1038/1190] vision/layers/20/attention/output_bias
[1039/1190] vision/layers/20/mlp/fc1
[1040/1190] vision/layers/20/mlp/fc1_bias
[1041/1190] vision/layers/20/mlp/fc2
[1042/1190] vision/layers/20/mlp/fc2_bias
[1043/1190] vision/layers/20/norm1/weight
[1044/1190] vision/layers/20/norm1/bias
[1045/1190] vision/layers/20/norm2/weight
[1046/1190] vision/layers/20/norm2/bias
[1047/1190] vision/layers/21/attention/qkv
[1048/1190] vision/layers/21/attention/qkv_bias
[1049/1190] vision/layers/21/attention/output
[1050/1190] vision/layers/21/attention/output_bias
[1051/1190] vision/layers/21/mlp/fc1
[1052/1190] vision/layers/21/mlp/fc1_bias
[1053/1190] vision/layers/21/mlp/fc2
[1054/1190] vision/layers/21/mlp/fc2_bias
[1055/1190] vision/layers/21/norm1/weight
[1056/1190] vision/layers/21/norm1/bias
[1057/1190] vision/layers/21/norm2/weight
[1058/1190] vision/layers/21/norm2/bias
[1059/1190] vision/layers/22/attention/qkv
[1060/1190] vision/layers/22/attention/qkv_bias
[1061/1190] vision/layers/22/attention/output
[1062/1190] vision/layers/22/attention/output_bias
[1063/1190] vision/layers/22/mlp/fc1
[1064/1190] vision/layers/22/mlp/fc1_bias
[1065/1190] vision/layers/22/mlp/fc2
[1066/1190] vision/layers/22/mlp/fc2_bias
[1067/1190] vision/layers/22/norm1/weight
[1068/1190] vision/layers/22/norm1/bias
[1069/1190] vision/layers/22/norm2/weight
[1070/1190] vision/layers/22/norm2/bias
[1071/1190] vision/layers/23/attention/qkv
[1072/1190] vision/layers/23/attention/qkv_bias
[1073/1190] vision/layers/23/attention/output
[1074/1190] vision/layers/23/attention/output_bias
[1075/1190] vision/layers/23/mlp/fc1
[1076/1190] vision/layers/23/mlp/fc1_bias
[1077/1190] vision/layers/23/mlp/fc2
[1078/1190] vision/layers/23/mlp/fc2_bias
[1079/1190] vision/layers/23/norm1/weight
[1080/1190] vision/layers/23/norm1/bias
[1081/1190] vision/layers/23/norm2/weight
[1082/1190] vision/layers/23/norm2/bias
[1083/1190] vision/layers/24/attention/qkv
[1084/1190] vision/layers/24/attention/qkv_bias
[1085/1190] vision/layers/24/attention/output
[1086/1190] vision/layers/24/attention/output_bias
[1087/1190] vision/layers/24/mlp/fc1
[1088/1190] vision/layers/24/mlp/fc1_bias
[1089/1190] vision/layers/24/mlp/fc2
[1090/1190] vision/layers/24/mlp/fc2_bias
[1091/1190] vision/layers/24/norm1/weight
[1092/1190] vision/layers/24/norm1/bias
[1093/1190] vision/layers/24/norm2/weight
[1094/1190] vision/layers/24/norm2/bias
[1095/1190] vision/layers/25/attention/qkv
[1096/1190] vision/layers/25/attention/qkv_bias
[1097/1190] vision/layers/25/attention/output
[1098/1190] vision/layers/25/attention/output_bias
[1099/1190] vision/layers/25/mlp/fc1
[1100/1190] vision/layers/25/mlp/fc1_bias
[1101/1190] vision/layers/25/mlp/fc2
[1102/1190] vision/layers/25/mlp/fc2_bias
[1103/1190] vision/layers/25/norm1/weight
[1104/1190] vision/layers/25/norm1/bias
[1105/1190] vision/layers/25/norm2/weight
[1106/1190] vision/layers/25/norm2/bias
[1107/1190] vision/layers/26/attention/qkv
[1108/1190] vision/layers/26/attention/qkv_bias
[1109/1190] vision/layers/26/attention/output
[1110/1190] vision/layers/26/attention/output_bias
[1111/1190] vision/layers/26/mlp/fc1
[1112/1190] vision/layers/26/mlp/fc1_bias
[1113/1190] vision/layers/26/mlp/fc2
[1114/1190] vision/layers/26/mlp/fc2_bias
[1115/1190] vision/layers/26/norm1/weight
[1116/1190] vision/layers/26/norm1/bias
[1117/1190] vision/layers/26/norm2/weight
[1118/1190] vision/layers/26/norm2/bias
[1119/1190] vision/merger/fc1
[1120/1190] vision/merger/fc1_bias
[1121/1190] vision/merger/fc2
[1122/1190] vision/merger/fc2_bias
[1123/1190] vision/merger/norm/weight
[1124/1190] vision/merger/norm/bias
[1125/1190] dflash2/feature_projection
[1126/1190] dflash2/context_norm
[1127/1190] dflash2/layers/0/input_norm
[1128/1190] dflash2/layers/0/attention_conv/base_kernel
[1129/1190] dflash2/layers/0/attention_conv/kernel_projection
[1130/1190] dflash2/layers/0/attention/query_key_value
[1131/1190] dflash2/layers/0/attention/query_norm
[1132/1190] dflash2/layers/0/attention/key_norm
[1133/1190] dflash2/layers/0/attention/output
[1134/1190] dflash2/layers/0/post_attention_norm
[1135/1190] dflash2/layers/0/mlp_conv/base_kernel
[1136/1190] dflash2/layers/0/mlp_conv/kernel_projection
[1137/1190] dflash2/layers/0/mlp/gate_up
[1138/1190] dflash2/layers/0/mlp/down
[1139/1190] dflash2/layers/1/input_norm
[1140/1190] dflash2/layers/1/attention_conv/base_kernel
[1141/1190] dflash2/layers/1/attention_conv/kernel_projection
[1142/1190] dflash2/layers/1/attention/query_key_value
[1143/1190] dflash2/layers/1/attention/query_norm
[1144/1190] dflash2/layers/1/attention/key_norm
[1145/1190] dflash2/layers/1/attention/output
[1146/1190] dflash2/layers/1/post_attention_norm
[1147/1190] dflash2/layers/1/mlp_conv/base_kernel
[1148/1190] dflash2/layers/1/mlp_conv/kernel_projection
[1149/1190] dflash2/layers/1/mlp/gate_up
[1150/1190] dflash2/layers/1/mlp/down
[1151/1190] dflash2/layers/2/input_norm
[1152/1190] dflash2/layers/2/attention_conv/base_kernel
[1153/1190] dflash2/layers/2/attention_conv/kernel_projection
[1154/1190] dflash2/layers/2/attention/query_key_value
[1155/1190] dflash2/layers/2/attention/query_norm
[1156/1190] dflash2/layers/2/attention/key_norm
[1157/1190] dflash2/layers/2/attention/output
[1158/1190] dflash2/layers/2/post_attention_norm
[1159/1190] dflash2/layers/2/mlp_conv/base_kernel
[1160/1190] dflash2/layers/2/mlp_conv/kernel_projection
[1161/1190] dflash2/layers/2/mlp/gate_up
[1162/1190] dflash2/layers/2/mlp/down
[1163/1190] dflash2/layers/3/input_norm
[1164/1190] dflash2/layers/3/attention_conv/base_kernel
[1165/1190] dflash2/layers/3/attention_conv/kernel_projection
[1166/1190] dflash2/layers/3/attention/query_key_value
[1167/1190] dflash2/layers/3/attention/query_norm
[1168/1190] dflash2/layers/3/attention/key_norm
[1169/1190] dflash2/layers/3/attention/output
[1170/1190] dflash2/layers/3/post_attention_norm
[1171/1190] dflash2/layers/3/mlp_conv/base_kernel
[1172/1190] dflash2/layers/3/mlp_conv/kernel_projection
[1173/1190] dflash2/layers/3/mlp/gate_up
[1174/1190] dflash2/layers/3/mlp/down
[1175/1190] dflash2/layers/4/input_norm
[1176/1190] dflash2/layers/4/attention_conv/base_kernel
[1177/1190] dflash2/layers/4/attention_conv/kernel_projection
[1178/1190] dflash2/layers/4/attention/query_key_value
[1179/1190] dflash2/layers/4/attention/query_norm
[1180/1190] dflash2/layers/4/attention/key_norm
[1181/1190] dflash2/layers/4/attention/output
[1182/1190] dflash2/layers/4/post_attention_norm
[1183/1190] dflash2/layers/4/mlp_conv/base_kernel
[1184/1190] dflash2/layers/4/mlp_conv/kernel_projection
[1185/1190] dflash2/layers/4/mlp/gate_up
[1186/1190] dflash2/layers/4/mlp/down
[1187/1190] dflash2/final_norm
[1188/1190] dflash2/candidate_selector/hidden_projection
[1189/1190] dflash2/candidate_selector/predecessor_codebook
[1190/1190] dflash2/candidate_selector/successor_codebook
complete: 23719496192 bytes in 179.3s; report=out\qwen3_8_27b_nvfp4_abliterated_gptq.ninfer.conversion.json
EXIT_OK Wed Sep 16 08:50:06 JST 2026
