done model-00001-of-00018.safetensors (4s)
done model-00002-of-00018.safetensors (9s)
done model-00003-of-00018.safetensors (16s)
done model-00004-of-00018.safetensors (23s)
done model-00005-of-00018.safetensors (26s)
done model-00006-of-00018.safetensors (30s)
done model-00007-of-00018.safetensors (34s)
done model-00008-of-00018.safetensors (38s)
done model-00009-of-00018.safetensors (42s)
done model-00010-of-00018.safetensors (46s)
done model-00011-of-00018.safetensors (50s)
done model-00012-of-00018.safetensors (55s)
done model-00013-of-00018.safetensors (58s)
done model-00014-of-00018.safetensors (64s)
done model-00015-of-00018.safetensors (67s)
done model-00016-of-00018.safetensors (74s)
done model-00017-of-00018.safetensors (78s)
done model-00018-of-00018.safetensors (84s)
CHANGED_COUNT 131
CHANGED model.language_model.layers.0.linear_attn.out_proj.weight VALUE 1.444e-02 (5120, 6144)
CHANGED model.language_model.layers.0.mlp.down_proj.weight VALUE 1.391e-02 (5120, 17408)
CHANGED model.language_model.layers.1.linear_attn.out_proj.weight VALUE 1.412e-02 (5120, 6144)
CHANGED model.language_model.layers.1.mlp.down_proj.weight VALUE 1.379e-02 (5120, 17408)
CHANGED model.language_model.layers.2.linear_attn.out_proj.weight VALUE 1.471e-02 (5120, 6144)
CHANGED model.language_model.layers.2.mlp.down_proj.weight VALUE 1.405e-02 (5120, 17408)
CHANGED model.language_model.layers.3.mlp.down_proj.weight VALUE 1.386e-02 (5120, 17408)
CHANGED model.language_model.layers.3.self_attn.o_proj.weight VALUE 1.438e-02 (5120, 6144)
CHANGED model.language_model.layers.4.linear_attn.out_proj.weight VALUE 1.431e-02 (5120, 6144)
CHANGED model.language_model.layers.4.mlp.down_proj.weight VALUE 1.380e-02 (5120, 17408)
CHANGED model.language_model.layers.5.linear_attn.out_proj.weight VALUE 1.432e-02 (5120, 6144)
CHANGED model.language_model.layers.5.mlp.down_proj.weight VALUE 1.398e-02 (5120, 17408)
CHANGED model.language_model.layers.6.linear_attn.out_proj.weight VALUE 1.540e-02 (5120, 6144)
CHANGED model.language_model.layers.6.mlp.down_proj.weight VALUE 1.401e-02 (5120, 17408)
CHANGED model.language_model.layers.7.mlp.down_proj.weight VALUE 1.426e-02 (5120, 17408)
CHANGED model.language_model.layers.7.self_attn.o_proj.weight VALUE 1.526e-02 (5120, 6144)
CHANGED model.language_model.embed_tokens.weight VALUE 1.553e-02 (248320, 5120)
CHANGED model.language_model.layers.10.linear_attn.out_proj.weight VALUE 1.546e-02 (5120, 6144)
CHANGED model.language_model.layers.10.mlp.down_proj.weight VALUE 1.439e-02 (5120, 17408)
CHANGED model.language_model.layers.11.mlp.down_proj.weight VALUE 1.469e-02 (5120, 17408)
CHANGED model.language_model.layers.11.self_attn.o_proj.weight VALUE 1.588e-02 (5120, 6144)
CHANGED model.language_model.layers.12.linear_attn.out_proj.weight VALUE 1.516e-02 (5120, 6144)
CHANGED model.language_model.layers.12.mlp.down_proj.weight VALUE 1.427e-02 (5120, 17408)
CHANGED model.language_model.layers.13.linear_attn.out_proj.weight VALUE 1.474e-02 (5120, 6144)
CHANGED model.language_model.layers.13.mlp.down_proj.weight VALUE 1.416e-02 (5120, 17408)
CHANGED model.language_model.layers.14.linear_attn.out_proj.weight VALUE 1.519e-02 (5120, 6144)
CHANGED model.language_model.layers.14.mlp.down_proj.weight VALUE 1.417e-02 (5120, 17408)
CHANGED model.language_model.layers.15.mlp.down_proj.weight VALUE 1.462e-02 (5120, 17408)
CHANGED model.language_model.layers.15.self_attn.o_proj.weight VALUE 1.550e-02 (5120, 6144)
CHANGED model.language_model.layers.8.linear_attn.out_proj.weight VALUE 1.500e-02 (5120, 6144)
CHANGED model.language_model.layers.8.mlp.down_proj.weight VALUE 1.438e-02 (5120, 17408)
CHANGED model.language_model.layers.9.linear_attn.out_proj.weight VALUE 1.527e-02 (5120, 6144)
CHANGED model.language_model.layers.9.mlp.down_proj.weight VALUE 1.452e-02 (5120, 17408)
CHANGED model.language_model.layers.16.linear_attn.out_proj.weight VALUE 1.578e-02 (5120, 6144)
CHANGED model.language_model.layers.16.mlp.down_proj.weight VALUE 1.469e-02 (5120, 17408)
CHANGED model.language_model.layers.17.linear_attn.out_proj.weight VALUE 1.706e-02 (5120, 6144)
CHANGED model.language_model.layers.17.mlp.down_proj.weight VALUE 1.503e-02 (5120, 17408)
CHANGED model.language_model.layers.18.linear_attn.out_proj.weight VALUE 1.690e-02 (5120, 6144)
CHANGED model.language_model.layers.18.mlp.down_proj.weight VALUE 1.515e-02 (5120, 17408)
CHANGED model.language_model.layers.19.mlp.down_proj.weight VALUE 1.474e-02 (5120, 17408)
CHANGED model.language_model.layers.19.self_attn.o_proj.weight VALUE 1.658e-02 (5120, 6144)
CHANGED model.language_model.layers.20.linear_attn.out_proj.weight VALUE 1.536e-02 (5120, 6144)
CHANGED model.language_model.layers.20.mlp.down_proj.weight VALUE 1.441e-02 (5120, 17408)
CHANGED model.language_model.layers.21.linear_attn.out_proj.weight VALUE 1.495e-02 (5120, 6144)
CHANGED model.language_model.layers.21.mlp.down_proj.weight VALUE 1.438e-02 (5120, 17408)
CHANGED model.language_model.layers.22.linear_attn.out_proj.weight VALUE 1.453e-02 (5120, 6144)
CHANGED model.language_model.layers.22.mlp.down_proj.weight VALUE 1.418e-02 (5120, 17408)
CHANGED model.language_model.layers.23.mlp.down_proj.weight VALUE 1.469e-02 (5120, 17408)
CHANGED model.language_model.layers.23.self_attn.o_proj.weight VALUE 1.553e-02 (5120, 6144)
CHANGED model.language_model.layers.24.linear_attn.out_proj.weight VALUE 1.525e-02 (5120, 6144)
CHANGED model.language_model.layers.24.mlp.down_proj.weight VALUE 1.484e-02 (5120, 17408)
CHANGED model.language_model.layers.25.linear_attn.out_proj.weight VALUE 1.497e-02 (5120, 6144)
CHANGED model.language_model.layers.25.mlp.down_proj.weight VALUE 1.478e-02 (5120, 17408)
CHANGED model.language_model.layers.26.linear_attn.out_proj.weight VALUE 1.507e-02 (5120, 6144)
CHANGED model.language_model.layers.26.mlp.down_proj.weight VALUE 1.486e-02 (5120, 17408)
CHANGED model.language_model.layers.27.mlp.down_proj.weight VALUE 1.473e-02 (5120, 17408)
CHANGED model.language_model.layers.27.self_attn.o_proj.weight VALUE 1.441e-02 (5120, 6144)
CHANGED model.language_model.layers.28.linear_attn.out_proj.weight VALUE 1.419e-02 (5120, 6144)
CHANGED model.language_model.layers.28.mlp.down_proj.weight VALUE 1.424e-02 (5120, 17408)
CHANGED model.language_model.layers.29.linear_attn.out_proj.weight VALUE 1.384e-02 (5120, 6144)
CHANGED model.language_model.layers.29.mlp.down_proj.weight VALUE 1.377e-02 (5120, 17408)
CHANGED model.language_model.layers.30.linear_attn.out_proj.weight VALUE 1.360e-02 (5120, 6144)
CHANGED model.language_model.layers.30.mlp.down_proj.weight VALUE 1.414e-02 (5120, 17408)
CHANGED model.language_model.layers.31.mlp.down_proj.weight VALUE 1.410e-02 (5120, 17408)
CHANGED model.language_model.layers.31.self_attn.o_proj.weight VALUE 1.434e-02 (5120, 6144)
CHANGED model.language_model.layers.32.linear_attn.out_proj.weight VALUE 1.433e-02 (5120, 6144)
CHANGED model.language_model.layers.32.mlp.down_proj.weight VALUE 1.429e-02 (5120, 17408)
CHANGED model.language_model.layers.33.linear_attn.out_proj.weight VALUE 1.611e-02 (5120, 6144)
CHANGED model.language_model.layers.33.mlp.down_proj.weight VALUE 1.428e-02 (5120, 17408)
CHANGED model.language_model.layers.34.linear_attn.out_proj.weight VALUE 1.520e-02 (5120, 6144)
CHANGED model.language_model.layers.34.mlp.down_proj.weight VALUE 1.450e-02 (5120, 17408)
CHANGED model.language_model.layers.35.mlp.down_proj.weight VALUE 1.450e-02 (5120, 17408)
CHANGED model.language_model.layers.35.self_attn.o_proj.weight VALUE 1.610e-02 (5120, 6144)
CHANGED model.language_model.layers.36.linear_attn.out_proj.weight VALUE 1.489e-02 (5120, 6144)
CHANGED model.language_model.layers.36.mlp.down_proj.weight VALUE 1.461e-02 (5120, 17408)
CHANGED model.language_model.layers.37.linear_attn.out_proj.weight VALUE 1.380e-02 (5120, 6144)
CHANGED model.language_model.layers.37.mlp.down_proj.weight VALUE 1.421e-02 (5120, 17408)
CHANGED model.language_model.layers.38.linear_attn.out_proj.weight VALUE 1.368e-02 (5120, 6144)
CHANGED model.language_model.layers.38.mlp.down_proj.weight VALUE 1.397e-02 (5120, 17408)
CHANGED model.language_model.layers.39.mlp.down_proj.weight VALUE 1.408e-02 (5120, 17408)
CHANGED model.language_model.layers.39.self_attn.o_proj.weight VALUE 1.436e-02 (5120, 6144)
CHANGED model.language_model.layers.40.linear_attn.out_proj.weight VALUE 1.360e-02 (5120, 6144)
CHANGED model.language_model.layers.40.mlp.down_proj.weight VALUE 1.425e-02 (5120, 17408)
CHANGED model.language_model.layers.41.linear_attn.out_proj.weight VALUE 1.392e-02 (5120, 6144)
CHANGED model.language_model.layers.41.mlp.down_proj.weight VALUE 1.459e-02 (5120, 17408)
CHANGED model.language_model.layers.42.linear_attn.out_proj.weight VALUE 1.398e-02 (5120, 6144)
CHANGED model.language_model.layers.42.mlp.down_proj.weight VALUE 1.436e-02 (5120, 17408)
CHANGED model.language_model.layers.43.mlp.down_proj.weight VALUE 1.412e-02 (5120, 17408)
CHANGED model.language_model.layers.43.self_attn.o_proj.weight VALUE 1.474e-02 (5120, 6144)
CHANGED model.language_model.layers.44.linear_attn.out_proj.weight VALUE 1.308e-02 (5120, 6144)
CHANGED model.language_model.layers.44.mlp.down_proj.weight VALUE 1.373e-02 (5120, 17408)
CHANGED model.language_model.layers.45.linear_attn.out_proj.weight VALUE 1.323e-02 (5120, 6144)
CHANGED model.language_model.layers.45.mlp.down_proj.weight VALUE 1.352e-02 (5120, 17408)
CHANGED model.language_model.layers.46.linear_attn.out_proj.weight VALUE 1.351e-02 (5120, 6144)
CHANGED model.language_model.layers.46.mlp.down_proj.weight VALUE 1.368e-02 (5120, 17408)
CHANGED model.language_model.layers.47.mlp.down_proj.weight VALUE 1.396e-02 (5120, 17408)
CHANGED model.language_model.layers.47.self_attn.o_proj.weight VALUE 1.417e-02 (5120, 6144)
CHANGED model.language_model.layers.48.linear_attn.out_proj.weight VALUE 1.458e-02 (5120, 6144)
CHANGED model.language_model.layers.48.mlp.down_proj.weight VALUE 1.365e-02 (5120, 17408)
CHANGED model.language_model.layers.49.linear_attn.out_proj.weight VALUE 1.493e-02 (5120, 6144)
CHANGED model.language_model.layers.49.mlp.down_proj.weight VALUE 1.362e-02 (5120, 17408)
CHANGED model.language_model.layers.50.linear_attn.out_proj.weight VALUE 1.459e-02 (5120, 6144)
CHANGED model.language_model.layers.50.mlp.down_proj.weight VALUE 1.335e-02 (5120, 17408)
CHANGED model.language_model.layers.51.mlp.down_proj.weight VALUE 1.340e-02 (5120, 17408)
CHANGED model.language_model.layers.51.self_attn.o_proj.weight VALUE 1.424e-02 (5120, 6144)
CHANGED model.language_model.layers.52.linear_attn.out_proj.weight VALUE 1.408e-02 (5120, 6144)
CHANGED model.language_model.layers.52.mlp.down_proj.weight VALUE 1.334e-02 (5120, 17408)
CHANGED model.language_model.layers.53.linear_attn.out_proj.weight VALUE 1.320e-02 (5120, 6144)
CHANGED model.language_model.layers.53.mlp.down_proj.weight VALUE 1.327e-02 (5120, 17408)
CHANGED model.language_model.layers.54.linear_attn.out_proj.weight VALUE 1.405e-02 (5120, 6144)
CHANGED model.language_model.layers.54.mlp.down_proj.weight VALUE 1.326e-02 (5120, 17408)
CHANGED model.language_model.layers.55.mlp.down_proj.weight VALUE 1.314e-02 (5120, 17408)
CHANGED model.language_model.layers.55.self_attn.o_proj.weight VALUE 1.376e-02 (5120, 6144)
CHANGED model.language_model.layers.56.linear_attn.out_proj.weight VALUE 1.340e-02 (5120, 6144)
CHANGED model.language_model.layers.56.mlp.down_proj.weight VALUE 1.329e-02 (5120, 17408)
CHANGED model.language_model.layers.57.linear_attn.out_proj.weight VALUE 1.335e-02 (5120, 6144)
CHANGED model.language_model.layers.57.mlp.down_proj.weight VALUE 1.313e-02 (5120, 17408)
CHANGED model.language_model.layers.58.linear_attn.out_proj.weight VALUE 1.332e-02 (5120, 6144)
CHANGED model.language_model.layers.58.mlp.down_proj.weight VALUE 1.306e-02 (5120, 17408)
CHANGED model.language_model.layers.59.mlp.down_proj.weight VALUE 1.303e-02 (5120, 17408)
CHANGED model.language_model.layers.59.self_attn.o_proj.weight VALUE 1.286e-02 (5120, 6144)
CHANGED model.language_model.layers.60.linear_attn.out_proj.weight VALUE 1.331e-02 (5120, 6144)
CHANGED model.language_model.layers.60.mlp.down_proj.weight VALUE 1.299e-02 (5120, 17408)
CHANGED model.language_model.layers.61.linear_attn.out_proj.weight VALUE 1.310e-02 (5120, 6144)
CHANGED model.language_model.layers.61.mlp.down_proj.weight VALUE 1.280e-02 (5120, 17408)
CHANGED model.language_model.layers.62.linear_attn.out_proj.weight VALUE 1.348e-02 (5120, 6144)
CHANGED model.language_model.layers.62.mlp.down_proj.weight VALUE 1.284e-02 (5120, 17408)
CHANGED model.language_model.layers.63.mlp.down_proj.weight VALUE 1.334e-02 (5120, 17408)
CHANGED model.language_model.layers.63.self_attn.o_proj.weight VALUE 1.338e-02 (5120, 6144)
CHANGED mtp.layers.0.mlp.down_proj.weight VALUE 1.407e-02 (5120, 17408)
CHANGED mtp.layers.0.self_attn.o_proj.weight VALUE 1.421e-02 (5120, 6144)
EXIT 0
